// Bun Snapshot v1, https://goo.gl/fbAQLP

exports[`config parameters merges global and local parameters with local precedence 1`] = `
{
  "presence_penalty": 0.1,
  "temperature": 0.6,
  "top_p": 0.9,
}
`;

exports[`config parameters merges global and local parameters with local precedence 2`] = `
{
  "max_tokens": 2000,
  "temperature": 0.4,
  "top_k": 50,
}
`;

exports[`config parameters merges global and local parameters with local precedence 3`] = `
{
  "max_tokens": 3000,
  "temperature": 0.9,
}
`;
