// Bun Snapshot v1, https://bun.sh/docs/test/snapshots

exports[`ApiProviderConfig getConfigForCommand with command-specific config 1`] = `
{
  "apiKey": undefined,
  "baseUrl": undefined,
  "keyFile": undefined,
  "location": undefined,
  "model": "deepseek-chat",
  "parameters": {},
  "project": undefined,
  "provider": "deepseek",
}
`;

exports[`ApiProviderConfig getConfigForCommand falls back to default provider 1`] = `
{
  "apiKey": "test-key",
  "baseUrl": undefined,
  "keyFile": undefined,
  "location": undefined,
  "model": "claude-3-opus",
  "parameters": {},
  "project": undefined,
  "provider": "anthropic",
}
`;

exports[`ApiProviderConfig getConfigForAgent with agent-specific config 1`] = `
{
  "apiKey": "test-key",
  "baseUrl": undefined,
  "keyFile": undefined,
  "location": undefined,
  "model": "claude-3-sonnet",
  "parameters": {},
  "project": undefined,
  "provider": "anthropic",
}
`;

exports[`parseOptions prioritizes CLI flags over env vars and config 1`] = `
{
  "apiKey": "cli-key",
  "baseUrl": undefined,
  "keyFile": undefined,
  "location": undefined,
  "model": "deepseek-chat-32k",
  "parameters": {},
  "project": undefined,
  "provider": "deepseek",
}
`;

exports[`parseOptions handles multiple config files 1`] = `
{
  "defaultModel": "claude-3-sonnet",
  "defaultProvider": "anthropic",
  "excludeFiles": undefined,
  "providers": {
    "anthropic": {
      "defaultModel": "claude-3-sonnet",
    },
  },
  "rules": [
    "rule1",
    "rule2",
  ],
}
`;

exports[`parseOptions merges environment variables with config 1`] = `
{
  "apiKey": "cli-key",
  "baseUrl": undefined,
  "keyFile": undefined,
  "location": undefined,
  "model": "deepseek-chat",
  "parameters": {},
  "project": undefined,
  "provider": "deepseek",
}
`;
