// Bun Snapshot v1, https://bun.sh/docs/test/snapshots

exports[`diffLineNumbers annotateDiffWithLineNumbers should handle multiple hunks 1`] = `
"@@ -1,3 +1,3 @@
 context
-old [Line 2 removed]
+new [Line 2]
@@ -10,2 +10,3 @@
 more context
+addition [Line 11]"
`;

exports[`diffLineNumbers extractModifiedLineRanges should handle multiple changes in one hunk 1`] = `
[
  {
    "end": 11,
    "start": 11,
    "type": "added",
  },
  {
    "end": 13,
    "start": 13,
    "type": "modified",
  },
  {
    "end": 15,
    "start": 15,
    "type": "added",
  },
]
`;
