// Bun Snapshot v1, https://goo.gl/fbAQLP

exports[`attemptCompletion should return the correct response 1`] = `
{
  "message": "<user_message>Test completion</user_message>",
  "type": "Reply",
}
`;

exports[`attemptCompletion should handle errors 1`] = `[Error: Test error]`;
