// Bun Snapshot v1, https://bun.sh/docs/test/snapshots

exports[`readFile should read single file 1`] = `
{
  "message": "<read_file_file_content path="file.txt">file content</read_file_file_content>",
  "type": "Reply",
}
`;

exports[`readFile should read multiple files 1`] = `
{
  "message": 
"<read_file_file_content path="file1.txt">file1 content</read_file_file_content>
<read_file_file_content path="file2.txt">file2 content</read_file_file_content>"
,
  "type": "Reply",
}
`;

exports[`readFile should handle file not found 1`] = `[Error: File not found]`;
