// Bun Snapshot v1, https://bun.sh/docs/test/snapshots

exports[`removeFile should remove file successfully 1`] = `
{
  "message": "<remove_file_path>test.txt</remove_file_path><status>Success</status>",
  "type": "Reply",
}
`;

exports[`removeFile should handle remove errors 1`] = `[Error: Remove error]`;
