// Bun Snapshot v1, https://goo.gl/fbAQLP

exports[`renameFile should rename file successfully 1`] = `
{
  "message": "<rename_file_path>new.txt</rename_file_path><status>Success</status>",
  "type": "Reply",
}
`;

exports[`renameFile should handle rename errors 1`] = `[Error: Rename error]`;

exports[`renameFile should handle unavailable provider 1`] = `
{
  "message": "Not possible to rename file. Abort.",
  "type": "Error",
}
`;
