// Bun Snapshot v1, https://goo.gl/fbAQLP

exports[`processBody should process body 1`] = `
"test issue

[some link](https://example.com)

<p align="center">
  some html
  
</p>

<br>

**some text**

> quote

* [ ] a
* [ ] b
* [ ] c
* [x] d
"
`;
