// Bun Snapshot v1, https://goo.gl/fbAQLP

exports[`config merges global and local config with local precedence 1`] = `
{
  "agents": {
    "architect": {
      "provider": "deepseek",
    },
    "coder": {
      "model": "claude-3-haiku",
    },
    "default": {
      "model": "claude-3-opus",
      "provider": "anthropic",
    },
  },
  "commands": {
    "default": {
      "model": "deepseek-coder-instruct",
      "provider": "deepseek",
    },
  },
  "defaultModel": "claude-3-opus",
  "defaultProvider": "anthropic",
  "excludeFiles": undefined,
  "providers": {
    "anthropic": {
      "apiKey": "local-key",
    },
  },
  "rules": [
    "global-rule",
    "local-rule",
  ],
  "scripts": {
    "complex": {
      "command": "echo "global-complex"",
      "description": "Global complex command",
    },
    "test": "echo "local"",
  },
}
`;
